// Jest Snapshot v1, https://goo.gl/fbAQLP

exports[`lenses-ppx should match snapshot 1`] = `
Array [
  "test@test.com",
  0,
]
`;
